Archive member included to satisfy reference by file (symbol)

c:/mounriver/mrs_community/toolchain/risc-v embedded gcc/bin/../lib/gcc/riscv-none-embed/8.2.0/rv32ec/ilp32e\libgcc.a(save-restore.o)
                              ./User/main.o (__riscv_save_2)
c:/mounriver/mrs_community/toolchain/risc-v embedded gcc/bin/../lib/gcc/riscv-none-embed/8.2.0/rv32ec/ilp32e\libgcc.a(muldi3.o)
                              ./Debug/debug.o (__mulsi3)
c:/mounriver/mrs_community/toolchain/risc-v embedded gcc/bin/../lib/gcc/riscv-none-embed/8.2.0/rv32ec/ilp32e\libgcc.a(div.o)
                              ./Peripheral/src/ch32v00x_usart.o (__divsi3)
c:/mounriver/mrs_community/toolchain/risc-v embedded gcc/bin/../lib/gcc/riscv-none-embed/8.2.0/../../../../riscv-none-embed/lib/rv32ec/ilp32e\libg_nano.a(lib_a-printf.o)
                              ./User/main.o (printf)
c:/mounriver/mrs_community/toolchain/risc-v embedded gcc/bin/../lib/gcc/riscv-none-embed/8.2.0/../../../../riscv-none-embed/lib/rv32ec/ilp32e\libg_nano.a(lib_a-puts.o)
                              ./User/main.o (puts)
c:/mounriver/mrs_community/toolchain/risc-v embedded gcc/bin/../lib/gcc/riscv-none-embed/8.2.0/../../../../riscv-none-embed/lib/rv32ec/ilp32e\libg_nano.a(lib_a-wbuf.o)
                              c:/mounriver/mrs_community/toolchain/risc-v embedded gcc/bin/../lib/gcc/riscv-none-embed/8.2.0/../../../../riscv-none-embed/lib/rv32ec/ilp32e\libg_nano.a(lib_a-puts.o) (__swbuf_r)
c:/mounriver/mrs_community/toolchain/risc-v embedded gcc/bin/../lib/gcc/riscv-none-embed/8.2.0/../../../../riscv-none-embed/lib/rv32ec/ilp32e\libg_nano.a(lib_a-wsetup.o)
                              c:/mounriver/mrs_community/toolchain/risc-v embedded gcc/bin/../lib/gcc/riscv-none-embed/8.2.0/../../../../riscv-none-embed/lib/rv32ec/ilp32e\libg_nano.a(lib_a-puts.o) (__swsetup_r)
c:/mounriver/mrs_community/toolchain/risc-v embedded gcc/bin/../lib/gcc/riscv-none-embed/8.2.0/../../../../riscv-none-embed/lib/rv32ec/ilp32e\libg_nano.a(lib_a-fflush.o)
                              c:/mounriver/mrs_community/toolchain/risc-v embedded gcc/bin/../lib/gcc/riscv-none-embed/8.2.0/../../../../riscv-none-embed/lib/rv32ec/ilp32e\libg_nano.a(lib_a-wbuf.o) (_fflush_r)
c:/mounriver/mrs_community/toolchain/risc-v embedded gcc/bin/../lib/gcc/riscv-none-embed/8.2.0/../../../../riscv-none-embed/lib/rv32ec/ilp32e\libg_nano.a(lib_a-findfp.o)
                              c:/mounriver/mrs_community/toolchain/risc-v embedded gcc/bin/../lib/gcc/riscv-none-embed/8.2.0/../../../../riscv-none-embed/lib/rv32ec/ilp32e\libg_nano.a(lib_a-printf.o) (__sinit)
c:/mounriver/mrs_community/toolchain/risc-v embedded gcc/bin/../lib/gcc/riscv-none-embed/8.2.0/../../../../riscv-none-embed/lib/rv32ec/ilp32e\libg_nano.a(lib_a-fwalk.o)
                              c:/mounriver/mrs_community/toolchain/risc-v embedded gcc/bin/../lib/gcc/riscv-none-embed/8.2.0/../../../../riscv-none-embed/lib/rv32ec/ilp32e\libg_nano.a(lib_a-findfp.o) (_fwalk)
c:/mounriver/mrs_community/toolchain/risc-v embedded gcc/bin/../lib/gcc/riscv-none-embed/8.2.0/../../../../riscv-none-embed/lib/rv32ec/ilp32e\libg_nano.a(lib_a-impure.o)
                              c:/mounriver/mrs_community/toolchain/risc-v embedded gcc/bin/../lib/gcc/riscv-none-embed/8.2.0/../../../../riscv-none-embed/lib/rv32ec/ilp32e\libg_nano.a(lib_a-fflush.o) (_global_impure_ptr)
c:/mounriver/mrs_community/toolchain/risc-v embedded gcc/bin/../lib/gcc/riscv-none-embed/8.2.0/../../../../riscv-none-embed/lib/rv32ec/ilp32e\libg_nano.a(lib_a-makebuf.o)
                              c:/mounriver/mrs_community/toolchain/risc-v embedded gcc/bin/../lib/gcc/riscv-none-embed/8.2.0/../../../../riscv-none-embed/lib/rv32ec/ilp32e\libg_nano.a(lib_a-wsetup.o) (__smakebuf_r)
c:/mounriver/mrs_community/toolchain/risc-v embedded gcc/bin/../lib/gcc/riscv-none-embed/8.2.0/../../../../riscv-none-embed/lib/rv32ec/ilp32e\libg_nano.a(lib_a-memset.o)
                              c:/mounriver/mrs_community/toolchain/risc-v embedded gcc/bin/../lib/gcc/riscv-none-embed/8.2.0/../../../../riscv-none-embed/lib/rv32ec/ilp32e\libg_nano.a(lib_a-findfp.o) (memset)
c:/mounriver/mrs_community/toolchain/risc-v embedded gcc/bin/../lib/gcc/riscv-none-embed/8.2.0/../../../../riscv-none-embed/lib/rv32ec/ilp32e\libg_nano.a(lib_a-nano-freer.o)
                              c:/mounriver/mrs_community/toolchain/risc-v embedded gcc/bin/../lib/gcc/riscv-none-embed/8.2.0/../../../../riscv-none-embed/lib/rv32ec/ilp32e\libg_nano.a(lib_a-wsetup.o) (_free_r)
c:/mounriver/mrs_community/toolchain/risc-v embedded gcc/bin/../lib/gcc/riscv-none-embed/8.2.0/../../../../riscv-none-embed/lib/rv32ec/ilp32e\libg_nano.a(lib_a-nano-mallocr.o)
                              c:/mounriver/mrs_community/toolchain/risc-v embedded gcc/bin/../lib/gcc/riscv-none-embed/8.2.0/../../../../riscv-none-embed/lib/rv32ec/ilp32e\libg_nano.a(lib_a-findfp.o) (_malloc_r)
[...]
Memory Configuration

Name             Origin             Length             Attributes
FLASH            0x0000000000000000 0x0000000000004000 xr
RAM              0x0000000020000000 0x0000000000000800 xrw
*default*        0x0000000000000000 0xffffffffffffffff

Linker script and memory map

LOAD ./User/ch32v00x_it.o
LOAD ./User/main.o
LOAD ./User/system_ch32v00x.o
LOAD ./Startup/startup_ch32v00x.o
LOAD ./Peripheral/src/ch32v00x_adc.o
LOAD ./Peripheral/src/ch32v00x_dbgmcu.o
LOAD ./Peripheral/src/ch32v00x_dma.o
LOAD ./Peripheral/src/ch32v00x_exti.o
LOAD ./Peripheral/src/ch32v00x_flash.o
LOAD ./Peripheral/src/ch32v00x_gpio.o
LOAD ./Peripheral/src/ch32v00x_i2c.o
LOAD ./Peripheral/src/ch32v00x_iwdg.o
LOAD ./Peripheral/src/ch32v00x_misc.o
LOAD ./Peripheral/src/ch32v00x_opa.o
LOAD ./Peripheral/src/ch32v00x_pwr.o
LOAD ./Peripheral/src/ch32v00x_rcc.o
LOAD ./Peripheral/src/ch32v00x_spi.o
LOAD ./Peripheral/src/ch32v00x_tim.o
LOAD ./Peripheral/src/ch32v00x_usart.o
LOAD ./Peripheral/src/ch32v00x_wwdg.o
LOAD ./Debug/debug.o
LOAD ./Core/core_riscv.o
LOAD c:/mounriver/mrs_community/toolchain/risc-v embedded gcc/bin/../lib/gcc/riscv-none-embed/8.2.0/rv32ec/ilp32e\libgcc.a
LOAD c:/mounriver/mrs_community/toolchain/risc-v embedded gcc/bin/../lib/gcc/riscv-none-embed/8.2.0/../../../../riscv-none-embed/lib/rv32ec/ilp32e\libg_nano.a
LOAD c:/mounriver/mrs_community/toolchain/risc-v embedded gcc/bin/../lib/gcc/riscv-none-embed/8.2.0/../../../../riscv-none-embed/lib/rv32ec/ilp32e\libc_nano.a
LOAD c:/mounriver/mrs_community/toolchain/risc-v embedded gcc/bin/../lib/gcc/riscv-none-embed/8.2.0/rv32ec/ilp32e\libgcc.a
START GROUP
LOAD c:/mounriver/mrs_community/toolchain/risc-v embedded gcc/bin/../lib/gcc/riscv-none-embed/8.2.0/rv32ec/ilp32e\libgcc.a
LOAD c:/mounriver/mrs_community/toolchain/risc-v embedded gcc/bin/../lib/gcc/riscv-none-embed/8.2.0/../../../../riscv-none-embed/lib/rv32ec/ilp32e\libc_nano.a
LOAD c:/mounriver/mrs_community/toolchain/risc-v embedded gcc/bin/../lib/gcc/riscv-none-embed/8.2.0/../../../../riscv-none-embed/lib/rv32ec/ilp32e\libnosys.a
END GROUP
START GROUP
LOAD c:/mounriver/mrs_community/toolchain/risc-v embedded gcc/bin/../lib/gcc/riscv-none-embed/8.2.0/rv32ec/ilp32e\libgcc.a
LOAD c:/mounriver/mrs_community/toolchain/risc-v embedded gcc/bin/../lib/gcc/riscv-none-embed/8.2.0/../../../../riscv-none-embed/lib/rv32ec/ilp32e\libc_nano.a
LOAD c:/mounriver/mrs_community/toolchain/risc-v embedded gcc/bin/../lib/gcc/riscv-none-embed/8.2.0/../../../../riscv-none-embed/lib/rv32ec/ilp32e\libnosys.a
END GROUP
                0x0000000000000100                __stack_size = 0x100
                [!provide]                        PROVIDE (_stack_size = __stack_size)

.init           0x0000000000000000       0xa0
                0x0000000000000000                _sinit = .
                0x0000000000000000                . = ALIGN (0x4)
 *(SORT_NONE(.init))
 .init          0x0000000000000000       0x9e ./Startup/startup_ch32v00x.o
                0x0000000000000000                _start
                0x00000000000000a0                . = ALIGN (0x4)
 *fill*         0x000000000000009e        0x2 
                0x00000000000000a0                _einit = .

.text           0x00000000000000a0     0x1df4
                0x00000000000000a0                . = ALIGN (0x4)
 *(.text)
 .text          0x00000000000000a0       0x14 c:/mounriver/mrs_community/toolchain/risc-v embedded gcc/bin/../lib/gcc/riscv-none-embed/8.2.0/rv32ec/ilp32e\libgcc.a(save-restore.o)
                0x00000000000000a0                __riscv_save_1
                0x00000000000000a0                __riscv_save_2
                0x00000000000000a0                __riscv_save_0
                0x00000000000000aa                __riscv_restore_0
                0x00000000000000aa                __riscv_restore_1
                0x00000000000000aa                __riscv_restore_2
 .text          0x00000000000000b4       0x7e c:/mounriver/mrs_community/toolchain/risc-v embedded gcc/bin/../lib/gcc/riscv-none-embed/8.2.0/rv32ec/ilp32e\libgcc.a(div.o)
                0x00000000000000b4                __divsi3
                0x00000000000000bc                __udivsi3
                0x00000000000000e8                __umodsi3
                0x000000000000010c                __modsi3
 .text          0x0000000000000132       0xa8 c:/mounriver/mrs_community/toolchain/risc-v embedded gcc/bin/../lib/gcc/riscv-none-embed/8.2.0/../../../../riscv-none-embed/lib/rv32ec/ilp32e\libg_nano.a(lib_a-memset.o)
                0x0000000000000132                memset
 *(.text.*)
 .text.NMI_Handler
                0x00000000000001da        0x2 ./User/ch32v00x_it.o
                0x00000000000001da                NMI_Handler
 .text.HardFault_Handler
                0x00000000000001dc        0x2 ./User/ch32v00x_it.o
                0x00000000000001dc                HardFault_Handler
 .text.USARTx_CFG
                0x00000000000001de       0x7c ./User/main.o
                0x00000000000001de                USARTx_CFG
 .text.timTestInit
                0x000000000000025a       0xb8 ./User/main.o
                0x000000000000025a                timTestInit
 .text.startup.main
                0x0000000000000312       0x90 ./User/main.o
                0x0000000000000312                main
 .text.SystemInit
                0x00000000000003a2      0x132 ./User/system_ch32v00x.o
                0x00000000000003a2                SystemInit
 .text.SystemCoreClockUpdate
                0x00000000000004d4       0x6a ./User/system_ch32v00x.o
                0x00000000000004d4                SystemCoreClockUpdate
 .text.vector_handler
                0x000000000000053e        0x2 ./Startup/startup_ch32v00x.o
                0x000000000000053e                TIM1_CC_IRQHandler
                0x000000000000053e                SysTick_Handler
                0x000000000000053e                PVD_IRQHandler
                0x000000000000053e                SPI1_IRQHandler
                0x000000000000053e                AWU_IRQHandler
                0x000000000000053e                EXTI7_0_IRQHandler
                0x000000000000053e                DMA1_Channel4_IRQHandler
                0x000000000000053e                ADC1_IRQHandler
                0x000000000000053e                DMA1_Channel7_IRQHandler
                0x000000000000053e                I2C1_EV_IRQHandler
                0x000000000000053e                DMA1_Channel6_IRQHandler
                0x000000000000053e                RCC_IRQHandler
                0x000000000000053e                TIM1_TRG_COM_IRQHandler
                0x000000000000053e                DMA1_Channel1_IRQHandler
                0x000000000000053e                DMA1_Channel5_IRQHandler
                0x000000000000053e                DMA1_Channel3_IRQHandler
                0x000000000000053e                TIM1_UP_IRQHandler
                0x000000000000053e                WWDG_IRQHandler
                0x000000000000053e                TIM2_IRQHandler
                0x000000000000053e                SW_Handler
                0x000000000000053e                TIM1_BRK_IRQHandler
                0x000000000000053e                DMA1_Channel2_IRQHandler
                0x000000000000053e                FLASH_IRQHandler
                0x000000000000053e                USART1_IRQHandler
                0x000000000000053e                I2C1_ER_IRQHandler
 .text.handle_reset
                0x0000000000000540       0x80 ./Startup/startup_ch32v00x.o
                0x0000000000000540                handle_reset
 .text.DBGMCU_GetCHIPID
                0x00000000000005c0        0xa ./Peripheral/src/ch32v00x_dbgmcu.o
                0x00000000000005c0                DBGMCU_GetCHIPID
 .text.GPIO_Init
                0x00000000000005ca       0xd8 ./Peripheral/src/ch32v00x_gpio.o
                0x00000000000005ca                GPIO_Init
 .text.NVIC_PriorityGroupConfig
                0x00000000000006a2        0x6 ./Peripheral/src/ch32v00x_misc.o
                0x00000000000006a2                NVIC_PriorityGroupConfig
 .text.RCC_AdjustHSICalibrationValue
                0x00000000000006a8       0x12 ./Peripheral/src/ch32v00x_rcc.o
                0x00000000000006a8                RCC_AdjustHSICalibrationValue
 .text.RCC_GetClocksFreq
                0x00000000000006ba       0x9a ./Peripheral/src/ch32v00x_rcc.o
                0x00000000000006ba                RCC_GetClocksFreq
 .text.RCC_APB2PeriphClockCmd
                0x0000000000000754       0x1e ./Peripheral/src/ch32v00x_rcc.o
                0x0000000000000754                RCC_APB2PeriphClockCmd
 .text.TIM_TimeBaseInit
                0x0000000000000772       0x64 ./Peripheral/src/ch32v00x_tim.o
                0x0000000000000772                TIM_TimeBaseInit
 .text.TIM_OC1Init
                0x00000000000007d6       0x86 ./Peripheral/src/ch32v00x_tim.o
                0x00000000000007d6                TIM_OC1Init
 .text.TIM_BDTRConfig
                0x000000000000085c       0x2e ./Peripheral/src/ch32v00x_tim.o
                0x000000000000085c                TIM_BDTRConfig
 .text.TIM_Cmd  0x000000000000088a       0x1c ./Peripheral/src/ch32v00x_tim.o
                0x000000000000088a                TIM_Cmd
 .text.TIM_ARRPreloadConfig
                0x00000000000008a6       0x1e ./Peripheral/src/ch32v00x_tim.o
                0x00000000000008a6                TIM_ARRPreloadConfig
 .text.TIM_OC1PreloadConfig
                0x00000000000008c4       0x12 ./Peripheral/src/ch32v00x_tim.o
                0x00000000000008c4                TIM_OC1PreloadConfig
 .text.TIM_GetCounter
                0x00000000000008d6        0x6 ./Peripheral/src/ch32v00x_tim.o
                0x00000000000008d6                TIM_GetCounter
 .text.TIM_GetFlagStatus
                0x00000000000008dc        0xc ./Peripheral/src/ch32v00x_tim.o
                0x00000000000008dc                TIM_GetFlagStatus
 .text.USART_Init
                0x00000000000008e8       0xe8 ./Peripheral/src/ch32v00x_usart.o
                0x00000000000008e8                USART_Init
 .text.USART_Cmd
                0x00000000000009d0       0x1c ./Peripheral/src/ch32v00x_usart.o
                0x00000000000009d0                USART_Cmd
 .text.USART_SendData
                0x00000000000009ec        0xa ./Peripheral/src/ch32v00x_usart.o
                0x00000000000009ec                USART_SendData
 .text.USART_GetFlagStatus
                0x00000000000009f6        0xc ./Peripheral/src/ch32v00x_usart.o
                0x00000000000009f6                USART_GetFlagStatus
 .text.Delay_Init
                0x0000000000000a02       0x34 ./Debug/debug.o
                0x0000000000000a02                Delay_Init
 .text.USART_Printf_Init
                0x0000000000000a36       0x56 ./Debug/debug.o
                0x0000000000000a36                USART_Printf_Init
 .text._write   0x0000000000000a8c       0x4c ./Debug/debug.o
                0x0000000000000a8c                _write
 .text._sbrk    0x0000000000000ad8       0x26 ./Debug/debug.o
                0x0000000000000ad8                _sbrk
 .text.printf   0x0000000000000afe       0x44 c:/mounriver/mrs_community/toolchain/risc-v embedded gcc/bin/../lib/gcc/riscv-none-embed/8.2.0/../../../../riscv-none-embed/lib/rv32ec/ilp32e\libg_nano.a(lib_a-printf.o)
                0x0000000000000afe                iprintf
                0x0000000000000afe                printf
 .text._puts_r  0x0000000000000b42       0xd2 c:/mounriver/mrs_community/toolchain/risc-v embedded gcc/bin/../lib/gcc/riscv-none-embed/8.2.0/../../../../riscv-none-embed/lib/rv32ec/ilp32e\libg_nano.a(lib_a-puts.o)
                0x0000000000000b42                _puts_r
 .text.puts     0x0000000000000c14        0xe c:/mounriver/mrs_community/toolchain/risc-v embedded gcc/bin/../lib/gcc/riscv-none-embed/8.2.0/../../../../riscv-none-embed/lib/rv32ec/ilp32e\libg_nano.a(lib_a-puts.o)
                0x0000000000000c14                puts
 .text.__swbuf_r
                0x0000000000000c22       0xc8 c:/mounriver/mrs_community/toolchain/risc-v embedded gcc/bin/../lib/gcc/riscv-none-embed/8.2.0/../../../../riscv-none-embed/lib/rv32ec/ilp32e\libg_nano.a(lib_a-wbuf.o)
                0x0000000000000c22                __swbuf_r
 .text.__swsetup_r
                0x0000000000000cea      0x112 c:/mounriver/mrs_community/toolchain/risc-v embedded gcc/bin/../lib/gcc/riscv-none-embed/8.2.0/../../../../riscv-none-embed/lib/rv32ec/ilp32e\libg_nano.a(lib_a-wsetup.o)
                0x0000000000000cea                __swsetup_r
 .text.__sflush_r
                0x0000000000000dfc      0x134 c:/mounriver/mrs_community/toolchain/risc-v embedded gcc/bin/../lib/gcc/riscv-none-embed/8.2.0/../../../../riscv-none-embed/lib/rv32ec/ilp32e\libg_nano.a(lib_a-fflush.o)
                0x0000000000000dfc                __sflush_r
 .text._fflush_r
                0x0000000000000f30       0x64 c:/mounriver/mrs_community/toolchain/risc-v embedded gcc/bin/../lib/gcc/riscv-none-embed/8.2.0/../../../../riscv-none-embed/lib/rv32ec/ilp32e\libg_nano.a(lib_a-fflush.o)
                0x0000000000000f30                _fflush_r
 .text.std      0x0000000000000f94       0x6a c:/mounriver/mrs_community/toolchain/risc-v embedded gcc/bin/../lib/gcc/riscv-none-embed/8.2.0/../../../../riscv-none-embed/lib/rv32ec/ilp32e\libg_nano.a(lib_a-findfp.o)
 .text._cleanup_r
                0x0000000000000ffe        0xa c:/mounriver/mrs_community/toolchain/risc-v embedded gcc/bin/../lib/gcc/riscv-none-embed/8.2.0/../../../../riscv-none-embed/lib/rv32ec/ilp32e\libg_nano.a(lib_a-findfp.o)
                0x0000000000000ffe                _cleanup_r
 .text.__sfmoreglue
                0x0000000000001008       0x48 c:/mounriver/mrs_community/toolchain/risc-v embedded gcc/bin/../lib/gcc/riscv-none-embed/8.2.0/../../../../riscv-none-embed/lib/rv32ec/ilp32e\libg_nano.a(lib_a-findfp.o)
                0x0000000000001008                __sfmoreglue
 .text.__sinit  0x0000000000001050       0x6a c:/mounriver/mrs_community/toolchain/risc-v embedded gcc/bin/../lib/gcc/riscv-none-embed/8.2.0/../../../../riscv-none-embed/lib/rv32ec/ilp32e\libg_nano.a(lib_a-findfp.o)
                0x0000000000001050                __sinit
 .text.__sfp    0x00000000000010ba       0x9e c:/mounriver/mrs_community/toolchain/risc-v embedded gcc/bin/../lib/gcc/riscv-none-embed/8.2.0/../../../../riscv-none-embed/lib/rv32ec/ilp32e\libg_nano.a(lib_a-findfp.o)
                0x00000000000010ba                __sfp
 .text._fwalk_reent
                0x0000000000001158       0x60 c:/mounriver/mrs_community/toolchain/risc-v embedded gcc/bin/../lib/gcc/riscv-none-embed/8.2.0/../../../../riscv-none-embed/lib/rv32ec/ilp32e\libg_nano.a(lib_a-fwalk.o)
                0x0000000000001158                _fwalk_reent
 .text.__swhatbuf_r
                0x00000000000011b8       0x64 c:/mounriver/mrs_community/toolchain/risc-v embedded gcc/bin/../lib/gcc/riscv-none-embed/8.2.0/../../../../riscv-none-embed/lib/rv32ec/ilp32e\libg_nano.a(lib_a-makebuf.o)
                0x00000000000011b8                __swhatbuf_r
 .text.__smakebuf_r
                0x000000000000121c       0x9c c:/mounriver/mrs_community/toolchain/risc-v embedded gcc/bin/../lib/gcc/riscv-none-embed/8.2.0/../../../../riscv-none-embed/lib/rv32ec/ilp32e\libg_nano.a(lib_a-makebuf.o)
                0x000000000000121c                __smakebuf_r
 .text._free_r  0x00000000000012b8       0xb0 c:/mounriver/mrs_community/toolchain/risc-v embedded gcc/bin/../lib/gcc/riscv-none-embed/8.2.0/../../../../riscv-none-embed/lib/rv32ec/ilp32e\libg_nano.a(lib_a-nano-freer.o)
                0x00000000000012b8                _free_r
 .text._malloc_r
                0x0000000000001368       0xde c:/mounriver/mrs_community/toolchain/risc-v embedded gcc/bin/../lib/gcc/riscv-none-embed/8.2.0/../../../../riscv-none-embed/lib/rv32ec/ilp32e\libg_nano.a(lib_a-nano-mallocr.o)
                0x0000000000001368                _malloc_r
 .text.__sfputc_r
                0x0000000000001446       0x2a c:/mounriver/mrs_community/toolchain/risc-v embedded gcc/bin/../lib/gcc/riscv-none-embed/8.2.0/../../../../riscv-none-embed/lib/rv32ec/ilp32e\libg_nano.a(lib_a-nano-vfprintf.o)
 .text.__sfputs_r
                0x0000000000001470       0x3e c:/mounriver/mrs_community/toolchain/risc-v embedded gcc/bin/../lib/gcc/riscv-none-embed/8.2.0/../../../../riscv-none-embed/lib/rv32ec/ilp32e\libg_nano.a(lib_a-nano-vfprintf.o)
                0x0000000000001470                __sfputs_r
 .text._vfprintf_r
                0x00000000000014ae      0x2c2 c:/mounriver/mrs_community/toolchain/risc-v embedded gcc/bin/../lib/gcc/riscv-none-embed/8.2.0/../../../../riscv-none-embed/lib/rv32ec/ilp32e\libg_nano.a(lib_a-nano-vfprintf.o)
                0x00000000000014ae                _vfprintf_r
                0x00000000000014ae                _vfiprintf_r
 .text._printf_common
                0x0000000000001770      0x12c c:/mounriver/mrs_community/toolchain/risc-v embedded gcc/bin/../lib/gcc/riscv-none-embed/8.2.0/../../../../riscv-none-embed/lib/rv32ec/ilp32e\libg_nano.a(lib_a-nano-vfprintf_i.o)
                0x0000000000001770                _printf_common
 .text._printf_i
                0x000000000000189c      0x2c2 c:/mounriver/mrs_community/toolchain/risc-v embedded gcc/bin/../lib/gcc/riscv-none-embed/8.2.0/../../../../riscv-none-embed/lib/rv32ec/ilp32e\libg_nano.a(lib_a-nano-vfprintf_i.o)
                0x000000000000189c                _printf_i
 .text._sbrk_r  0x0000000000001b5e       0x2a c:/mounriver/mrs_community/toolchain/risc-v embedded gcc/bin/../lib/gcc/riscv-none-embed/8.2.0/../../../../riscv-none-embed/lib/rv32ec/ilp32e\libg_nano.a(lib_a-sbrkr.o)
                0x0000000000001b5e                _sbrk_r
 .text.__sread  0x0000000000001b88       0x30 c:/mounriver/mrs_community/toolchain/risc-v embedded gcc/bin/../lib/gcc/riscv-none-embed/8.2.0/../../../../riscv-none-embed/lib/rv32ec/ilp32e\libg_nano.a(lib_a-stdio.o)
                0x0000000000001b88                __sread
 .text.__swrite
                0x0000000000001bb8       0x4e c:/mounriver/mrs_community/toolchain/risc-v embedded gcc/bin/../lib/gcc/riscv-none-embed/8.2.0/../../../../riscv-none-embed/lib/rv32ec/ilp32e\libg_nano.a(lib_a-stdio.o)
                0x0000000000001bb8                __swrite
 .text.__sseek  0x0000000000001c06       0x36 c:/mounriver/mrs_community/toolchain/risc-v embedded gcc/bin/../lib/gcc/riscv-none-embed/8.2.0/../../../../riscv-none-embed/lib/rv32ec/ilp32e\libg_nano.a(lib_a-stdio.o)
                0x0000000000001c06                __sseek
 .text.__sclose
                0x0000000000001c3c        0x6 c:/mounriver/mrs_community/toolchain/risc-v embedded gcc/bin/../lib/gcc/riscv-none-embed/8.2.0/../../../../riscv-none-embed/lib/rv32ec/ilp32e\libg_nano.a(lib_a-stdio.o)
                0x0000000000001c3c                __sclose
 .text._write_r
                0x0000000000001c42       0x2e c:/mounriver/mrs_community/toolchain/risc-v embedded gcc/bin/../lib/gcc/riscv-none-embed/8.2.0/../../../../riscv-none-embed/lib/rv32ec/ilp32e\libg_nano.a(lib_a-writer.o)
                0x0000000000001c42                _write_r
 .text._close_r
                0x0000000000001c70       0x28 c:/mounriver/mrs_community/toolchain/risc-v embedded gcc/bin/../lib/gcc/riscv-none-embed/8.2.0/../../../../riscv-none-embed/lib/rv32ec/ilp32e\libg_nano.a(lib_a-closer.o)
                0x0000000000001c70                _close_r
 .text._fstat_r
                0x0000000000001c98       0x2a c:/mounriver/mrs_community/toolchain/risc-v embedded gcc/bin/../lib/gcc/riscv-none-embed/8.2.0/../../../../riscv-none-embed/lib/rv32ec/ilp32e\libg_nano.a(lib_a-fstatr.o)
                0x0000000000001c98                _fstat_r
 .text._isatty_r
                0x0000000000001cc2       0x28 c:/mounriver/mrs_community/toolchain/risc-v embedded gcc/bin/../lib/gcc/riscv-none-embed/8.2.0/../../../../riscv-none-embed/lib/rv32ec/ilp32e\libg_nano.a(lib_a-isattyr.o)
                0x0000000000001cc2                _isatty_r
 .text._lseek_r
                0x0000000000001cea       0x2c c:/mounriver/mrs_community/toolchain/risc-v embedded gcc/bin/../lib/gcc/riscv-none-embed/8.2.0/../../../../riscv-none-embed/lib/rv32ec/ilp32e\libg_nano.a(lib_a-lseekr.o)
                0x0000000000001cea                _lseek_r
 .text.memchr   0x0000000000001d16       0x1a c:/mounriver/mrs_community/toolchain/risc-v embedded gcc/bin/../lib/gcc/riscv-none-embed/8.2.0/../../../../riscv-none-embed/lib/rv32ec/ilp32e\libg_nano.a(lib_a-memchr.o)
                0x0000000000001d16                memchr
 .text.__malloc_lock
                0x0000000000001d30        0x2 c:/mounriver/mrs_community/toolchain/risc-v embedded gcc/bin/../lib/gcc/riscv-none-embed/8.2.0/../../../../riscv-none-embed/lib/rv32ec/ilp32e\libg_nano.a(lib_a-mlock.o)
                0x0000000000001d30                __malloc_lock
 .text.__malloc_unlock
                0x0000000000001d32        0x2 c:/mounriver/mrs_community/toolchain/risc-v embedded gcc/bin/../lib/gcc/riscv-none-embed/8.2.0/../../../../riscv-none-embed/lib/rv32ec/ilp32e\libg_nano.a(lib_a-mlock.o)
                0x0000000000001d32                __malloc_unlock
 .text._read_r  0x0000000000001d34       0x2c c:/mounriver/mrs_community/toolchain/risc-v embedded gcc/bin/../lib/gcc/riscv-none-embed/8.2.0/../../../../riscv-none-embed/lib/rv32ec/ilp32e\libg_nano.a(lib_a-readr.o)
                0x0000000000001d34                _read_r
 .text._close   0x0000000000001d60        0xc c:/mounriver/mrs_community/toolchain/risc-v embedded gcc/bin/../lib/gcc/riscv-none-embed/8.2.0/../../../../riscv-none-embed/lib/rv32ec/ilp32e\libnosys.a(close.o)
                0x0000000000001d60                _close
 .text._fstat   0x0000000000001d6c        0xc c:/mounriver/mrs_community/toolchain/risc-v embedded gcc/bin/../lib/gcc/riscv-none-embed/8.2.0/../../../../riscv-none-embed/lib/rv32ec/ilp32e\libnosys.a(fstat.o)
                0x0000000000001d6c                _fstat
 .text._isatty  0x0000000000001d78        0xc c:/mounriver/mrs_community/toolchain/risc-v embedded gcc/bin/../lib/gcc/riscv-none-embed/8.2.0/../../../../riscv-none-embed/lib/rv32ec/ilp32e\libnosys.a(isatty.o)
                0x0000000000001d78                _isatty
 .text._lseek   0x0000000000001d84        0xc c:/mounriver/mrs_community/toolchain/risc-v embedded gcc/bin/../lib/gcc/riscv-none-embed/8.2.0/../../../../riscv-none-embed/lib/rv32ec/ilp32e\libnosys.a(lseek.o)
                0x0000000000001d84                _lseek
 .text._read    0x0000000000001d90        0xc c:/mounriver/mrs_community/toolchain/risc-v embedded gcc/bin/../lib/gcc/riscv-none-embed/8.2.0/../../../../riscv-none-embed/lib/rv32ec/ilp32e\libnosys.a(read.o)
                0x0000000000001d90                _read
 *(.rodata)
 *(.rodata*)
 *fill*         0x0000000000001d9c        0x0 
 .rodata.main.str1.4
                0x0000000000001d9c       0x59 ./User/main.o
 *fill*         0x0000000000001df5        0x3 
 .rodata.__sf_fake_stderr
                0x0000000000001df8       0x20 c:/mounriver/mrs_community/toolchain/risc-v embedded gcc/bin/../lib/gcc/riscv-none-embed/8.2.0/../../../../riscv-none-embed/lib/rv32ec/ilp32e\libg_nano.a(lib_a-findfp.o)
                0x0000000000001df8                __sf_fake_stderr
 .rodata.__sf_fake_stdin
                0x0000000000001e18       0x20 c:/mounriver/mrs_community/toolchain/risc-v embedded gcc/bin/../lib/gcc/riscv-none-embed/8.2.0/../../../../riscv-none-embed/lib/rv32ec/ilp32e\libg_nano.a(lib_a-findfp.o)
                0x0000000000001e18                __sf_fake_stdin
 .rodata.__sf_fake_stdout
                0x0000000000001e38       0x20 c:/mounriver/mrs_community/toolchain/risc-v embedded gcc/bin/../lib/gcc/riscv-none-embed/8.2.0/../../../../riscv-none-embed/lib/rv32ec/ilp32e\libg_nano.a(lib_a-findfp.o)
                0x0000000000001e38                __sf_fake_stdout
 .rodata._vfprintf_r.str1.4
                0x0000000000001e58       0x13 c:/mounriver/mrs_community/toolchain/risc-v embedded gcc/bin/../lib/gcc/riscv-none-embed/8.2.0/../../../../riscv-none-embed/lib/rv32ec/ilp32e\libg_nano.a(lib_a-nano-vfprintf.o)
 *fill*         0x0000000000001e6b        0x1 
 .rodata._printf_i.str1.4
                0x0000000000001e6c       0x28 c:/mounriver/mrs_community/toolchain/risc-v embedded gcc/bin/../lib/gcc/riscv-none-embed/8.2.0/../../../../riscv-none-embed/lib/rv32ec/ilp32e\libg_nano.a(lib_a-nano-vfprintf_i.o)
                                         0x25 (size before relaxing)
 *(.gnu.linkonce.t.*)
                0x0000000000001e94                . = ALIGN (0x4)

.rela.dyn       0x0000000000001e94        0x0
 .rela.init     0x0000000000001e94        0x0 ./User/ch32v00x_it.o
 .rela.text.handle_reset
                0x0000000000001e94        0x0 ./User/ch32v00x_it.o
 .rela.text._sbrk
                0x0000000000001e94        0x0 ./User/ch32v00x_it.o
 .rela.data.curbrk.4084
                0x0000000000001e94        0x0 ./User/ch32v00x_it.o
 .rela.text._vfprintf_r
                0x0000000000001e94        0x0 ./User/ch32v00x_it.o
 .rela.text._sbrk_r
                0x0000000000001e94        0x0 ./User/ch32v00x_it.o
 .rela.text._write_r
                0x0000000000001e94        0x0 ./User/ch32v00x_it.o
 .rela.text._close_r
                0x0000000000001e94        0x0 ./User/ch32v00x_it.o
 .rela.text._fstat_r
                0x0000000000001e94        0x0 ./User/ch32v00x_it.o
 .rela.text._isatty_r
                0x0000000000001e94        0x0 ./User/ch32v00x_it.o
 .rela.text._lseek_r
                0x0000000000001e94        0x0 ./User/ch32v00x_it.o
 .rela.text._read_r
                0x0000000000001e94        0x0 ./User/ch32v00x_it.o
 .rela.text._close
                0x0000000000001e94        0x0 ./User/ch32v00x_it.o
 .rela.text._fstat
                0x0000000000001e94        0x0 ./User/ch32v00x_it.o
 .rela.text._isatty
                0x0000000000001e94        0x0 ./User/ch32v00x_it.o
 .rela.text._lseek
                0x0000000000001e94        0x0 ./User/ch32v00x_it.o
 .rela.text._read
                0x0000000000001e94        0x0 ./User/ch32v00x_it.o

.fini           0x0000000000001e94        0x0
 *(SORT_NONE(.fini))
                0x0000000000001e94                . = ALIGN (0x4)
                [!provide]                        PROVIDE (_etext = .)
                [!provide]                        PROVIDE (_eitcm = .)

.preinit_array  0x0000000000001e94        0x0
                [!provide]                        PROVIDE (__preinit_array_start = .)
 *(.preinit_array)
                [!provide]                        PROVIDE (__preinit_array_end = .)

.init_array     0x0000000000001e94        0x0
                [!provide]                        PROVIDE (__init_array_start = .)
 *(SORT_BY_INIT_PRIORITY(.init_array.*) SORT_BY_INIT_PRIORITY(.ctors.*))
 *(.init_array EXCLUDE_FILE(*crtend?.o *crtend.o *crtbegin?.o *crtbegin.o) .ctors)
                [!provide]                        PROVIDE (__init_array_end = .)

.fini_array     0x0000000000001e94        0x0
                [!provide]                        PROVIDE (__fini_array_start = .)
 *(SORT_BY_INIT_PRIORITY(.fini_array.*) SORT_BY_INIT_PRIORITY(.dtors.*))
 *(.fini_array EXCLUDE_FILE(*crtend?.o *crtend.o *crtbegin?.o *crtbegin.o) .dtors)
                [!provide]                        PROVIDE (__fini_array_end = .)

.ctors
 *crtbegin.o(.ctors)
 *crtbegin?.o(.ctors)
 *(EXCLUDE_FILE(*crtend?.o *crtend.o) .ctors)
 *(SORT_BY_NAME(.ctors.*))
 *(.ctors)

.dtors
 *crtbegin.o(.dtors)
 *crtbegin?.o(.dtors)
 *(EXCLUDE_FILE(*crtend?.o *crtend.o) .dtors)
 *(SORT_BY_NAME(.dtors.*))
 *(.dtors)

.dalign         0x0000000020000000        0x0 load address 0x0000000000001e94
                0x0000000020000000                . = ALIGN (0x4)
                0x0000000020000000                PROVIDE (_data_vma = .)

.dlalign        0x0000000000001e94        0x0
                0x0000000000001e94                . = ALIGN (0x4)
                0x0000000000001e94                PROVIDE (_data_lma = .)

.data           0x0000000020000000       0xa8 load address 0x0000000000001e94
                0x0000000020000000                . = ALIGN (0x4)
 *(.gnu.linkonce.r.*)
 *(.data .data.*)
 .data.AHBPrescTable
                0x0000000020000000       0x10 ./User/system_ch32v00x.o
                0x0000000020000000                AHBPrescTable
 .data.SystemCoreClock
                0x0000000020000010        0x4 ./User/system_ch32v00x.o
                0x0000000020000010                SystemCoreClock
 .data.ADCPrescTable
                0x0000000020000014       0x14 ./Peripheral/src/ch32v00x_rcc.o
 .data.APBAHBPrescTable
                0x0000000020000028       0x10 ./Peripheral/src/ch32v00x_rcc.o
 .data.curbrk.4084
                0x0000000020000038        0x4 ./Debug/debug.o
 .data.impure_data
                0x000000002000003c       0x60 c:/mounriver/mrs_community/toolchain/risc-v embedded gcc/bin/../lib/gcc/riscv-none-embed/8.2.0/../../../../riscv-none-embed/lib/rv32ec/ilp32e\libg_nano.a(lib_a-impure.o)
 *(.gnu.linkonce.d.*)
                0x00000000200000a0                . = ALIGN (0x8)
 *fill*         0x000000002000009c        0x4 
                0x00000000200008a0                PROVIDE (__global_pointer$ = (. + 0x800))
 *(.sdata .sdata.*)
 .sdata._impure_ptr
                0x00000000200000a0        0x4 c:/mounriver/mrs_community/toolchain/risc-v embedded gcc/bin/../lib/gcc/riscv-none-embed/8.2.0/../../../../riscv-none-embed/lib/rv32ec/ilp32e\libg_nano.a(lib_a-impure.o)
                0x00000000200000a0                _impure_ptr
 *(.sdata2*)
 .sdata2._global_impure_ptr
                0x00000000200000a4        0x4 c:/mounriver/mrs_community/toolchain/risc-v embedded gcc/bin/../lib/gcc/riscv-none-embed/8.2.0/../../../../riscv-none-embed/lib/rv32ec/ilp32e\libg_nano.a(lib_a-impure.o)
                0x00000000200000a4                _global_impure_ptr
 *(.gnu.linkonce.s.*)
                0x00000000200000a8                . = ALIGN (0x8)
 *(.srodata.cst16)
 *(.srodata.cst8)
 *(.srodata.cst4)
 *(.srodata.cst2)
 *(.srodata .srodata.*)
                0x00000000200000a8                . = ALIGN (0x4)
                0x00000000200000a8                PROVIDE (_edata = .)

.bss            0x00000000200000a8       0x14 load address 0x0000000000001f3c
                0x00000000200000a8                . = ALIGN (0x4)
                0x00000000200000a8                PROVIDE (_sbss = .)
 *(.sbss*)
 .sbss.__malloc_free_list
                0x00000000200000a8        0x4 c:/mounriver/mrs_community/toolchain/risc-v embedded gcc/bin/../lib/gcc/riscv-none-embed/8.2.0/../../../../riscv-none-embed/lib/rv32ec/ilp32e\libg_nano.a(lib_a-nano-mallocr.o)
                0x00000000200000a8                __malloc_free_list
 .sbss.__malloc_sbrk_start
                0x00000000200000ac        0x4 c:/mounriver/mrs_community/toolchain/risc-v embedded gcc/bin/../lib/gcc/riscv-none-embed/8.2.0/../../../../riscv-none-embed/lib/rv32ec/ilp32e\libg_nano.a(lib_a-nano-mallocr.o)
                0x00000000200000ac                __malloc_sbrk_start
 *(.gnu.linkonce.sb.*)
 *(.bss*)
 .bss.NVIC_Priority_Group
                0x00000000200000b0        0x4 ./Peripheral/src/ch32v00x_misc.o
                0x00000000200000b0                NVIC_Priority_Group
 .bss.p_ms      0x00000000200000b4        0x2 ./Debug/debug.o
 .bss.p_us      0x00000000200000b6        0x1 ./Debug/debug.o
 *(.gnu.linkonce.b.*)
 *(COMMON*)
 *fill*         0x00000000200000b7        0x1 
 COMMON         0x00000000200000b8        0x4 c:/mounriver/mrs_community/toolchain/risc-v embedded gcc/bin/../lib/gcc/riscv-none-embed/8.2.0/../../../../riscv-none-embed/lib/rv32ec/ilp32e\libg_nano.a(lib_a-reent.o)
                0x00000000200000b8                errno
                0x00000000200000bc                . = ALIGN (0x4)
                0x00000000200000bc                PROVIDE (_ebss = .)
                0x00000000200000bc                PROVIDE (_end = _ebss)
                [!provide]                        PROVIDE (end = .)

.stack          0x0000000020000700      0x100
                0x0000000020000700                PROVIDE (_heap_end = .)
                0x0000000020000700                . = ALIGN (0x4)
                [!provide]                        PROVIDE (_susrstack = .)
                0x0000000020000800                . = (. + __stack_size)
 *fill*         0x0000000020000700      0x100 
                0x0000000020000800                PROVIDE (_eusrstack = .)
OUTPUT(CH32V003A4M6.elf elf32-littleriscv)

.debug_info     0x0000000000000000     0xaeb9
 .debug_info    0x0000000000000000      0x962 ./User/ch32v00x_it.o
 .debug_info    0x0000000000000962     0x1376 ./User/main.o
 .debug_info    0x0000000000001cd8      0xc94 ./User/system_ch32v00x.o
 .debug_info    0x000000000000296c       0x22 ./Startup/startup_ch32v00x.o
 .debug_info    0x000000000000298e      0xa94 ./Peripheral/src/ch32v00x_dbgmcu.o
 .debug_info    0x0000000000003422     0x103a ./Peripheral/src/ch32v00x_gpio.o
 .debug_info    0x000000000000445c      0xdca ./Peripheral/src/ch32v00x_misc.o
 .debug_info    0x0000000000005226     0x108c ./Peripheral/src/ch32v00x_rcc.o
 .debug_info    0x00000000000062b2     0x297f ./Peripheral/src/ch32v00x_tim.o
 .debug_info    0x0000000000008c31     0x1351 ./Peripheral/src/ch32v00x_usart.o
 .debug_info    0x0000000000009f82      0xf37 ./Debug/debug.o

.debug_abbrev   0x0000000000000000     0x1e38
 .debug_abbrev  0x0000000000000000      0x1cf ./User/ch32v00x_it.o
 .debug_abbrev  0x00000000000001cf      0x2bc ./User/main.o
 .debug_abbrev  0x000000000000048b      0x2ee ./User/system_ch32v00x.o
 .debug_abbrev  0x0000000000000779       0x12 ./Startup/startup_ch32v00x.o
 .debug_abbrev  0x000000000000078b      0x2f7 ./Peripheral/src/ch32v00x_dbgmcu.o
 .debug_abbrev  0x0000000000000a82      0x309 ./Peripheral/src/ch32v00x_gpio.o
 .debug_abbrev  0x0000000000000d8b      0x2ea ./Peripheral/src/ch32v00x_misc.o
 .debug_abbrev  0x0000000000001075      0x389 ./Peripheral/src/ch32v00x_rcc.o
 .debug_abbrev  0x00000000000013fe      0x408 ./Peripheral/src/ch32v00x_tim.o
 .debug_abbrev  0x0000000000001806      0x323 ./Peripheral/src/ch32v00x_usart.o
 .debug_abbrev  0x0000000000001b29      0x30f ./Debug/debug.o

.debug_aranges  0x0000000000000000      0x6c0
 .debug_aranges
                0x0000000000000000       0x28 ./User/ch32v00x_it.o
 .debug_aranges
                0x0000000000000028       0x30 ./User/main.o
 .debug_aranges
                0x0000000000000058       0x28 ./User/system_ch32v00x.o
 .debug_aranges
                0x0000000000000080       0x30 ./Startup/startup_ch32v00x.o
 .debug_aranges
                0x00000000000000b0       0x48 ./Peripheral/src/ch32v00x_dbgmcu.o
 .debug_aranges
                0x00000000000000f8       0x98 ./Peripheral/src/ch32v00x_gpio.o
 .debug_aranges
                0x0000000000000190       0x28 ./Peripheral/src/ch32v00x_misc.o
 .debug_aranges
                0x00000000000001b8       0xe0 ./Peripheral/src/ch32v00x_rcc.o
 .debug_aranges
                0x0000000000000298      0x2d8 ./Peripheral/src/ch32v00x_tim.o
 .debug_aranges
                0x0000000000000570      0x100 ./Peripheral/src/ch32v00x_usart.o
 .debug_aranges
                0x0000000000000670       0x50 ./Debug/debug.o

.debug_ranges   0x0000000000000000      0x6c8
 .debug_ranges  0x0000000000000000       0x18 ./User/ch32v00x_it.o
 .debug_ranges  0x0000000000000018       0x20 ./User/main.o
 .debug_ranges  0x0000000000000038       0x50 ./User/system_ch32v00x.o
 .debug_ranges  0x0000000000000088       0x28 ./Startup/startup_ch32v00x.o
 .debug_ranges  0x00000000000000b0       0x50 ./Peripheral/src/ch32v00x_dbgmcu.o
 .debug_ranges  0x0000000000000100       0x88 ./Peripheral/src/ch32v00x_gpio.o
 .debug_ranges  0x0000000000000188       0x48 ./Peripheral/src/ch32v00x_misc.o
 .debug_ranges  0x00000000000001d0       0xd0 ./Peripheral/src/ch32v00x_rcc.o
 .debug_ranges  0x00000000000002a0      0x2f8 ./Peripheral/src/ch32v00x_tim.o
 .debug_ranges  0x0000000000000598       0xf0 ./Peripheral/src/ch32v00x_usart.o
 .debug_ranges  0x0000000000000688       0x40 ./Debug/debug.o

.debug_line     0x0000000000000000     0x7b14
 .debug_line    0x0000000000000000      0x235 ./User/ch32v00x_it.o
 .debug_line    0x0000000000000235      0x7b3 ./User/main.o
 .debug_line    0x00000000000009e8      0x6d4 ./User/system_ch32v00x.o
 .debug_line    0x00000000000010bc      0x112 ./Startup/startup_ch32v00x.o
 .debug_line    0x00000000000011ce      0x37a ./Peripheral/src/ch32v00x_dbgmcu.o
 .debug_line    0x0000000000001548      0xd1f ./Peripheral/src/ch32v00x_gpio.o
 .debug_line    0x0000000000002267      0x3db ./Peripheral/src/ch32v00x_misc.o
 .debug_line    0x0000000000002642      0xdf4 ./Peripheral/src/ch32v00x_rcc.o
 .debug_line    0x0000000000003436     0x305d ./Peripheral/src/ch32v00x_tim.o
 .debug_line    0x0000000000006493      0xf0c ./Peripheral/src/ch32v00x_usart.o
 .debug_line    0x000000000000739f      0x775 ./Debug/debug.o

.debug_str      0x0000000000000000     0x21cc
 .debug_str     0x0000000000000000      0x554 ./User/ch32v00x_it.o
                                        0x5b5 (size before relaxing)
 .debug_str     0x0000000000000554      0x62f ./User/main.o
                                        0xbd2 (size before relaxing)
 .debug_str     0x0000000000000b83      0x126 ./User/system_ch32v00x.o
                                        0x74d (size before relaxing)
 .debug_str     0x0000000000000ca9       0x2a ./Startup/startup_ch32v00x.o
                                         0x65 (size before relaxing)
 .debug_str     0x0000000000000cd3       0x97 ./Peripheral/src/ch32v00x_dbgmcu.o
                                        0x645 (size before relaxing)
 .debug_str     0x0000000000000d6a      0x1ed ./Peripheral/src/ch32v00x_gpio.o
                                        0x948 (size before relaxing)
 .debug_str     0x0000000000000f57      0x2dc ./Peripheral/src/ch32v00x_misc.o
                                        0x90a (size before relaxing)
 .debug_str     0x0000000000001233      0x2c7 ./Peripheral/src/ch32v00x_rcc.o
                                        0x9b0 (size before relaxing)
 .debug_str     0x00000000000014fa      0x8d9 ./Peripheral/src/ch32v00x_tim.o
                                       0x126a (size before relaxing)
 .debug_str     0x0000000000001dd3      0x374 ./Peripheral/src/ch32v00x_usart.o
                                        0xaff (size before relaxing)
 .debug_str     0x0000000000002147       0x85 ./Debug/debug.o
                                        0x906 (size before relaxing)

.comment        0x0000000000000000       0x33
 .comment       0x0000000000000000       0x33 ./User/ch32v00x_it.o
                                         0x34 (size before relaxing)
 .comment       0x0000000000000033       0x34 ./User/main.o
 .comment       0x0000000000000033       0x34 ./User/system_ch32v00x.o
 .comment       0x0000000000000033       0x34 ./Peripheral/src/ch32v00x_dbgmcu.o
 .comment       0x0000000000000033       0x34 ./Peripheral/src/ch32v00x_gpio.o
 .comment       0x0000000000000033       0x34 ./Peripheral/src/ch32v00x_misc.o
 .comment       0x0000000000000033       0x34 ./Peripheral/src/ch32v00x_rcc.o
 .comment       0x0000000000000033       0x34 ./Peripheral/src/ch32v00x_tim.o
 .comment       0x0000000000000033       0x34 ./Peripheral/src/ch32v00x_usart.o
 .comment       0x0000000000000033       0x34 ./Debug/debug.o

.debug_frame    0x0000000000000000     0x161c
 .debug_frame   0x0000000000000000       0x30 ./User/ch32v00x_it.o
 .debug_frame   0x0000000000000030       0x78 ./User/main.o
 .debug_frame   0x00000000000000a8       0x58 ./User/system_ch32v00x.o
 .debug_frame   0x0000000000000100       0x70 ./Peripheral/src/ch32v00x_dbgmcu.o
 .debug_frame   0x0000000000000170      0x150 ./Peripheral/src/ch32v00x_gpio.o
 .debug_frame   0x00000000000002c0       0x30 ./Peripheral/src/ch32v00x_misc.o
 .debug_frame   0x00000000000002f0      0x1dc ./Peripheral/src/ch32v00x_rcc.o
 .debug_frame   0x00000000000004cc      0x624 ./Peripheral/src/ch32v00x_tim.o
 .debug_frame   0x0000000000000af0      0x204 ./Peripheral/src/ch32v00x_usart.o
 .debug_frame   0x0000000000000cf4       0xe4 ./Debug/debug.o
 .debug_frame   0x0000000000000dd8       0x54 c:/mounriver/mrs_community/toolchain/risc-v embedded gcc/bin/../lib/gcc/riscv-none-embed/8.2.0/../../../../riscv-none-embed/lib/rv32ec/ilp32e\libg_nano.a(lib_a-printf.o)
 .debug_frame   0x0000000000000e2c       0x48 c:/mounriver/mrs_community/toolchain/risc-v embedded gcc/bin/../lib/gcc/riscv-none-embed/8.2.0/../../../../riscv-none-embed/lib/rv32ec/ilp32e\libg_nano.a(lib_a-puts.o)
 .debug_frame   0x0000000000000e74       0x48 c:/mounriver/mrs_community/toolchain/risc-v embedded gcc/bin/../lib/gcc/riscv-none-embed/8.2.0/../../../../riscv-none-embed/lib/rv32ec/ilp32e\libg_nano.a(lib_a-wbuf.o)
 .debug_frame   0x0000000000000ebc       0x38 c:/mounriver/mrs_community/toolchain/risc-v embedded gcc/bin/../lib/gcc/riscv-none-embed/8.2.0/../../../../riscv-none-embed/lib/rv32ec/ilp32e\libg_nano.a(lib_a-wsetup.o)
 .debug_frame   0x0000000000000ef4       0x74 c:/mounriver/mrs_community/toolchain/risc-v embedded gcc/bin/../lib/gcc/riscv-none-embed/8.2.0/../../../../riscv-none-embed/lib/rv32ec/ilp32e\libg_nano.a(lib_a-fflush.o)
 .debug_frame   0x0000000000000f68      0x13c c:/mounriver/mrs_community/toolchain/risc-v embedded gcc/bin/../lib/gcc/riscv-none-embed/8.2.0/../../../../riscv-none-embed/lib/rv32ec/ilp32e\libg_nano.a(lib_a-findfp.o)
 .debug_frame   0x00000000000010a4       0x60 c:/mounriver/mrs_community/toolchain/risc-v embedded gcc/bin/../lib/gcc/riscv-none-embed/8.2.0/../../../../riscv-none-embed/lib/rv32ec/ilp32e\libg_nano.a(lib_a-fwalk.o)
 .debug_frame   0x0000000000001104       0x5c c:/mounriver/mrs_community/toolchain/risc-v embedded gcc/bin/../lib/gcc/riscv-none-embed/8.2.0/../../../../riscv-none-embed/lib/rv32ec/ilp32e\libg_nano.a(lib_a-makebuf.o)
 .debug_frame   0x0000000000001160       0x40 c:/mounriver/mrs_community/toolchain/risc-v embedded gcc/bin/../lib/gcc/riscv-none-embed/8.2.0/../../../../riscv-none-embed/lib/rv32ec/ilp32e\libg_nano.a(lib_a-nano-freer.o)
 .debug_frame   0x00000000000011a0       0x38 c:/mounriver/mrs_community/toolchain/risc-v embedded gcc/bin/../lib/gcc/riscv-none-embed/8.2.0/../../../../riscv-none-embed/lib/rv32ec/ilp32e\libg_nano.a(lib_a-nano-mallocr.o)
 .debug_frame   0x00000000000011d8       0xa4 c:/mounriver/mrs_community/toolchain/risc-v embedded gcc/bin/../lib/gcc/riscv-none-embed/8.2.0/../../../../riscv-none-embed/lib/rv32ec/ilp32e\libg_nano.a(lib_a-nano-vfprintf.o)
 .debug_frame   0x000000000000127c       0x60 c:/mounriver/mrs_community/toolchain/risc-v embedded gcc/bin/../lib/gcc/riscv-none-embed/8.2.0/../../../../riscv-none-embed/lib/rv32ec/ilp32e\libg_nano.a(lib_a-nano-vfprintf_i.o)
 .debug_frame   0x00000000000012dc       0x30 c:/mounriver/mrs_community/toolchain/risc-v embedded gcc/bin/../lib/gcc/riscv-none-embed/8.2.0/../../../../riscv-none-embed/lib/rv32ec/ilp32e\libg_nano.a(lib_a-sbrkr.o)
 .debug_frame   0x000000000000130c       0x9c c:/mounriver/mrs_community/toolchain/risc-v embedded gcc/bin/../lib/gcc/riscv-none-embed/8.2.0/../../../../riscv-none-embed/lib/rv32ec/ilp32e\libg_nano.a(lib_a-stdio.o)
 .debug_frame   0x00000000000013a8       0x30 c:/mounriver/mrs_community/toolchain/risc-v embedded gcc/bin/../lib/gcc/riscv-none-embed/8.2.0/../../../../riscv-none-embed/lib/rv32ec/ilp32e\libg_nano.a(lib_a-writer.o)
 .debug_frame   0x00000000000013d8       0x30 c:/mounriver/mrs_community/toolchain/risc-v embedded gcc/bin/../lib/gcc/riscv-none-embed/8.2.0/../../../../riscv-none-embed/lib/rv32ec/ilp32e\libg_nano.a(lib_a-closer.o)
 .debug_frame   0x0000000000001408       0x30 c:/mounriver/mrs_community/toolchain/risc-v embedded gcc/bin/../lib/gcc/riscv-none-embed/8.2.0/../../../../riscv-none-embed/lib/rv32ec/ilp32e\libg_nano.a(lib_a-fstatr.o)
 .debug_frame   0x0000000000001438       0x30 c:/mounriver/mrs_community/toolchain/risc-v embedded gcc/bin/../lib/gcc/riscv-none-embed/8.2.0/../../../../riscv-none-embed/lib/rv32ec/ilp32e\libg_nano.a(lib_a-isattyr.o)
 .debug_frame   0x0000000000001468       0x30 c:/mounriver/mrs_community/toolchain/risc-v embedded gcc/bin/../lib/gcc/riscv-none-embed/8.2.0/../../../../riscv-none-embed/lib/rv32ec/ilp32e\libg_nano.a(lib_a-lseekr.o)
 .debug_frame   0x0000000000001498       0x20 c:/mounriver/mrs_community/toolchain/risc-v embedded gcc/bin/../lib/gcc/riscv-none-embed/8.2.0/../../../../riscv-none-embed/lib/rv32ec/ilp32e\libg_nano.a(lib_a-memchr.o)
 .debug_frame   0x00000000000014b8       0x30 c:/mounriver/mrs_community/toolchain/risc-v embedded gcc/bin/../lib/gcc/riscv-none-embed/8.2.0/../../../../riscv-none-embed/lib/rv32ec/ilp32e\libg_nano.a(lib_a-mlock.o)
 .debug_frame   0x00000000000014e8       0x30 c:/mounriver/mrs_community/toolchain/risc-v embedded gcc/bin/../lib/gcc/riscv-none-embed/8.2.0/../../../../riscv-none-embed/lib/rv32ec/ilp32e\libg_nano.a(lib_a-readr.o)
 .debug_frame   0x0000000000001518       0x64 c:/mounriver/mrs_community/toolchain/risc-v embedded gcc/bin/../lib/gcc/riscv-none-embed/8.2.0/../../../../riscv-none-embed/lib/rv32ec/ilp32e\libg_nano.a(lib_a-reent.o)
 .debug_frame   0x000000000000157c       0x20 c:/mounriver/mrs_community/toolchain/risc-v embedded gcc/bin/../lib/gcc/riscv-none-embed/8.2.0/../../../../riscv-none-embed/lib/rv32ec/ilp32e\libnosys.a(close.o)
 .debug_frame   0x000000000000159c       0x20 c:/mounriver/mrs_community/toolchain/risc-v embedded gcc/bin/../lib/gcc/riscv-none-embed/8.2.0/../../../../riscv-none-embed/lib/rv32ec/ilp32e\libnosys.a(fstat.o)
 .debug_frame   0x00000000000015bc       0x20 c:/mounriver/mrs_community/toolchain/risc-v embedded gcc/bin/../lib/gcc/riscv-none-embed/8.2.0/../../../../riscv-none-embed/lib/rv32ec/ilp32e\libnosys.a(isatty.o)
 .debug_frame   0x00000000000015dc       0x20 c:/mounriver/mrs_community/toolchain/risc-v embedded gcc/bin/../lib/gcc/riscv-none-embed/8.2.0/../../../../riscv-none-embed/lib/rv32ec/ilp32e\libnosys.a(lseek.o)
 .debug_frame   0x00000000000015fc       0x20 c:/mounriver/mrs_community/toolchain/risc-v embedded gcc/bin/../lib/gcc/riscv-none-embed/8.2.0/../../../../riscv-none-embed/lib/rv32ec/ilp32e\libnosys.a(read.o)

.debug_loc      0x0000000000000000     0x2f9e
 .debug_loc     0x0000000000000000       0x55 ./User/system_ch32v00x.o
 .debug_loc     0x0000000000000055       0x6e ./Peripheral/src/ch32v00x_dbgmcu.o
 .debug_loc     0x00000000000000c3      0x6cf ./Peripheral/src/ch32v00x_gpio.o
 .debug_loc     0x0000000000000792       0x2d ./Peripheral/src/ch32v00x_misc.o
 .debug_loc     0x00000000000007bf      0x5d8 ./Peripheral/src/ch32v00x_rcc.o
 .debug_loc     0x0000000000000d97     0x1936 ./Peripheral/src/ch32v00x_tim.o
 .debug_loc     0x00000000000026cd      0x735 ./Peripheral/src/ch32v00x_usart.o
 .debug_loc     0x0000000000002e02      0x19c ./Debug/debug.o

.stab           0x0000000000000000       0x84
 .stab          0x0000000000000000       0x24 c:/mounriver/mrs_community/toolchain/risc-v embedded gcc/bin/../lib/gcc/riscv-none-embed/8.2.0/../../../../riscv-none-embed/lib/rv32ec/ilp32e\libnosys.a(close.o)
 .stab          0x0000000000000024       0x18 c:/mounriver/mrs_community/toolchain/risc-v embedded gcc/bin/../lib/gcc/riscv-none-embed/8.2.0/../../../../riscv-none-embed/lib/rv32ec/ilp32e\libnosys.a(fstat.o)
                                         0x24 (size before relaxing)
 .stab          0x000000000000003c       0x18 c:/mounriver/mrs_community/toolchain/risc-v embedded gcc/bin/../lib/gcc/riscv-none-embed/8.2.0/../../../../riscv-none-embed/lib/rv32ec/ilp32e\libnosys.a(isatty.o)
                                         0x24 (size before relaxing)
 .stab          0x0000000000000054       0x18 c:/mounriver/mrs_community/toolchain/risc-v embedded gcc/bin/../lib/gcc/riscv-none-embed/8.2.0/../../../../riscv-none-embed/lib/rv32ec/ilp32e\libnosys.a(lseek.o)
                                         0x24 (size before relaxing)
 .stab          0x000000000000006c       0x18 c:/mounriver/mrs_community/toolchain/risc-v embedded gcc/bin/../lib/gcc/riscv-none-embed/8.2.0/../../../../riscv-none-embed/lib/rv32ec/ilp32e\libnosys.a(read.o)
                                         0x24 (size before relaxing)

.stabstr        0x0000000000000000      0x117
 .stabstr       0x0000000000000000      0x117 c:/mounriver/mrs_community/toolchain/risc-v embedded gcc/bin/../lib/gcc/riscv-none-embed/8.2.0/../../../../riscv-none-embed/lib/rv32ec/ilp32e\libnosys.a(close.o)
